// Jest Snapshot v1, https://goo.gl/fbAQLP

exports[`main.lua - lua-verify: main.lua 1`] = `
for k,v in pairs(i) do
end

for a,b,c,d,e,f,g,h,i,j,k,l in pairs(i) do
end

for a,b,c,d,e,f,g,h,i,j,k,l in m,n,o,p,q,r,s,t,u,v do
end

for file in pairs(files) do
end

for k, v in next, t do
end

for k in next, t do
end

for this_is_a_song_for_your_poor_sick_penguin_he_has_a_fever_and_his_toes_are_blue, but_if_i_sing_to_your_poor_sick_penguin_he_will_feel_better in a_day, or_two do
end

for this_is_a_song_for_your_poor_sick_penguin_he_has_a_fever_and_his_toes_are_blue_but_if_i_sing_to_your_poor_sick_penguin_he_will_feel_better in a_day_or_two do
end

for this_is in a_song_for_your_poor_sick_penguin_he_has_a_fever_and_his_toes_are_blue, but_if_i_sing_to_your_poor_sick_penguin_he_will_feel_better_in, a_day, or_two do
end

for k,v in pairs(i) do
  print("hi")
end

for a,b,c,d,e,f,g,h,i,j,k,l in pairs(i) do
  print("hi")
end

for a,b,c,d,e,f,g,h,i,j,k,l in m,n,o,p,q,r,s,t,u,v do
  print("hi")
end

for file in pairs(files) do
  print("hi")
end

for k, v in next, t do
  print("hi")
end

for k in next, t do
  print("hi")
end

for this_is_a_song_for_your_poor_sick_penguin_he_has_a_fever_and_his_toes_are_blue, but_if_i_sing_to_your_poor_sick_penguin_he_will_feel_better in a_day, or_two do
  print("hi")
end

for this_is_a_song_for_your_poor_sick_penguin_he_has_a_fever_and_his_toes_are_blue_but_if_i_sing_to_your_poor_sick_penguin_he_will_feel_better in a_day_or_two do
  print("hi")
end

for this_is in a_song_for_your_poor_sick_penguin_he_has_a_fever_and_his_toes_are_blue, but_if_i_sing_to_your_poor_sick_penguin_he_will_feel_better_in, a_day, or_two do
  print("hi")
end~~~~~~~~~~~~~~~~~~~~~~~~~~~~~~~~~~~~~~~~~~~~~~~~~~~~~~~~~~~~~~~~~~~~~~~~~~~~~~~~
for k, v in pairs(i) do
end

for a, b, c, d, e, f, g, h, i, j, k, l in pairs(i) do
end

for a, b, c, d, e, f, g, h, i, j, k, l in m, n, o, p, q, r, s, t, u, v do
end

for file in pairs(files) do
end

for k, v in next, t do
end

for k in next, t do
end

for
	this_is_a_song_for_your_poor_sick_penguin_he_has_a_fever_and_his_toes_are_blue,
	but_if_i_sing_to_your_poor_sick_penguin_he_will_feel_better
in a_day, or_two do
end

for
	this_is_a_song_for_your_poor_sick_penguin_he_has_a_fever_and_his_toes_are_blue_but_if_i_sing_to_your_poor_sick_penguin_he_will_feel_better
in a_day_or_two do
end

for this_is in
	a_song_for_your_poor_sick_penguin_he_has_a_fever_and_his_toes_are_blue,
	but_if_i_sing_to_your_poor_sick_penguin_he_will_feel_better_in,
	a_day,
	or_two
do
end

for k, v in pairs(i) do
	print("hi")
end

for a, b, c, d, e, f, g, h, i, j, k, l in pairs(i) do
	print("hi")
end

for a, b, c, d, e, f, g, h, i, j, k, l in m, n, o, p, q, r, s, t, u, v do
	print("hi")
end

for file in pairs(files) do
	print("hi")
end

for k, v in next, t do
	print("hi")
end

for k in next, t do
	print("hi")
end

for
	this_is_a_song_for_your_poor_sick_penguin_he_has_a_fever_and_his_toes_are_blue,
	but_if_i_sing_to_your_poor_sick_penguin_he_will_feel_better
in a_day, or_two do
	print("hi")
end

for
	this_is_a_song_for_your_poor_sick_penguin_he_has_a_fever_and_his_toes_are_blue_but_if_i_sing_to_your_poor_sick_penguin_he_will_feel_better
in a_day_or_two do
	print("hi")
end

for this_is in
	a_song_for_your_poor_sick_penguin_he_has_a_fever_and_his_toes_are_blue,
	but_if_i_sing_to_your_poor_sick_penguin_he_will_feel_better_in,
	a_day,
	or_two
do
	print("hi")
end

`;

exports[`main.lua - lua-verify: main.lua 2`] = `
for k,v in pairs(i) do
end

for a,b,c,d,e,f,g,h,i,j,k,l in pairs(i) do
end

for a,b,c,d,e,f,g,h,i,j,k,l in m,n,o,p,q,r,s,t,u,v do
end

for file in pairs(files) do
end

for k, v in next, t do
end

for k in next, t do
end

for this_is_a_song_for_your_poor_sick_penguin_he_has_a_fever_and_his_toes_are_blue, but_if_i_sing_to_your_poor_sick_penguin_he_will_feel_better in a_day, or_two do
end

for this_is_a_song_for_your_poor_sick_penguin_he_has_a_fever_and_his_toes_are_blue_but_if_i_sing_to_your_poor_sick_penguin_he_will_feel_better in a_day_or_two do
end

for this_is in a_song_for_your_poor_sick_penguin_he_has_a_fever_and_his_toes_are_blue, but_if_i_sing_to_your_poor_sick_penguin_he_will_feel_better_in, a_day, or_two do
end

for k,v in pairs(i) do
  print("hi")
end

for a,b,c,d,e,f,g,h,i,j,k,l in pairs(i) do
  print("hi")
end

for a,b,c,d,e,f,g,h,i,j,k,l in m,n,o,p,q,r,s,t,u,v do
  print("hi")
end

for file in pairs(files) do
  print("hi")
end

for k, v in next, t do
  print("hi")
end

for k in next, t do
  print("hi")
end

for this_is_a_song_for_your_poor_sick_penguin_he_has_a_fever_and_his_toes_are_blue, but_if_i_sing_to_your_poor_sick_penguin_he_will_feel_better in a_day, or_two do
  print("hi")
end

for this_is_a_song_for_your_poor_sick_penguin_he_has_a_fever_and_his_toes_are_blue_but_if_i_sing_to_your_poor_sick_penguin_he_will_feel_better in a_day_or_two do
  print("hi")
end

for this_is in a_song_for_your_poor_sick_penguin_he_has_a_fever_and_his_toes_are_blue, but_if_i_sing_to_your_poor_sick_penguin_he_will_feel_better_in, a_day, or_two do
  print("hi")
end~~~~~~~~~~~~~~~~~~~~~~~~~~~~~~~~~~~~~~~~~~~~~~~~~~~~~~~~~~~~~~~~~~~~~~~~~~~~~~~~
for k, v in pairs(i) do
end

for a, b, c, d, e, f, g, h, i, j, k, l in pairs(i) do
end

for a, b, c, d, e, f, g, h, i, j, k, l in m, n, o, p, q, r, s, t, u, v do
end

for file in pairs(files) do
end

for k, v in next, t do
end

for k in next, t do
end

for
	this_is_a_song_for_your_poor_sick_penguin_he_has_a_fever_and_his_toes_are_blue,
	but_if_i_sing_to_your_poor_sick_penguin_he_will_feel_better
in a_day, or_two do
end

for
	this_is_a_song_for_your_poor_sick_penguin_he_has_a_fever_and_his_toes_are_blue_but_if_i_sing_to_your_poor_sick_penguin_he_will_feel_better
in a_day_or_two do
end

for this_is in
	a_song_for_your_poor_sick_penguin_he_has_a_fever_and_his_toes_are_blue,
	but_if_i_sing_to_your_poor_sick_penguin_he_will_feel_better_in,
	a_day,
	or_two
do
end

for k, v in pairs(i) do
	print('hi')
end

for a, b, c, d, e, f, g, h, i, j, k, l in pairs(i) do
	print('hi')
end

for a, b, c, d, e, f, g, h, i, j, k, l in m, n, o, p, q, r, s, t, u, v do
	print('hi')
end

for file in pairs(files) do
	print('hi')
end

for k, v in next, t do
	print('hi')
end

for k in next, t do
	print('hi')
end

for
	this_is_a_song_for_your_poor_sick_penguin_he_has_a_fever_and_his_toes_are_blue,
	but_if_i_sing_to_your_poor_sick_penguin_he_will_feel_better
in a_day, or_two do
	print('hi')
end

for
	this_is_a_song_for_your_poor_sick_penguin_he_has_a_fever_and_his_toes_are_blue_but_if_i_sing_to_your_poor_sick_penguin_he_will_feel_better
in a_day_or_two do
	print('hi')
end

for this_is in
	a_song_for_your_poor_sick_penguin_he_has_a_fever_and_his_toes_are_blue,
	but_if_i_sing_to_your_poor_sick_penguin_he_will_feel_better_in,
	a_day,
	or_two
do
	print('hi')
end

`;
