// Jest Snapshot v1, https://goo.gl/fbAQLP

exports[`main.lua - lua-verify: main.lua 1`] = `
for i = 10, 20, 2 do
end

for i = 10, 20 do
end

for i = 100000000000000000000000000000000000000000000, 20000000000000000000000, 20000000000000 do
end

for i = 10, 20, 2 do
  print("hi")
end

for i = 10, 20 do
  print("hi")
end

for i = 100000000000000000000000000000000000000000000, 20000000000000000000000, 20000000000000 do
  print("hi")
end
~~~~~~~~~~~~~~~~~~~~~~~~~~~~~~~~~~~~~~~~~~~~~~~~~~~~~~~~~~~~~~~~~~~~~~~~~~~~~~~~
for i = 10, 20, 2 do
end

for i = 10, 20 do
end

for i = 100000000000000000000000000000000000000000000, 20000000000000000000000, 20000000000000 do
end

for i = 10, 20, 2 do
	print("hi")
end

for i = 10, 20 do
	print("hi")
end

for i = 100000000000000000000000000000000000000000000, 20000000000000000000000, 20000000000000 do
	print("hi")
end

`;

exports[`main.lua - lua-verify: main.lua 2`] = `
for i = 10, 20, 2 do
end

for i = 10, 20 do
end

for i = 100000000000000000000000000000000000000000000, 20000000000000000000000, 20000000000000 do
end

for i = 10, 20, 2 do
  print("hi")
end

for i = 10, 20 do
  print("hi")
end

for i = 100000000000000000000000000000000000000000000, 20000000000000000000000, 20000000000000 do
  print("hi")
end
~~~~~~~~~~~~~~~~~~~~~~~~~~~~~~~~~~~~~~~~~~~~~~~~~~~~~~~~~~~~~~~~~~~~~~~~~~~~~~~~
for i = 10, 20, 2 do
end

for i = 10, 20 do
end

for i = 100000000000000000000000000000000000000000000, 20000000000000000000000, 20000000000000 do
end

for i = 10, 20, 2 do
	print('hi')
end

for i = 10, 20 do
	print('hi')
end

for i = 100000000000000000000000000000000000000000000, 20000000000000000000000, 20000000000000 do
	print('hi')
end

`;
