// Jest Snapshot v1, https://goo.gl/fbAQLP

exports[`main.lua - lua-verify: main.lua 1`] = `
empty = {}

one_thing = { thing }

one_keyed_thing = { keyed = thing }

more_than_one_thing = { thing, thing }

more_than_one_keyed_thing = {
  keyed = thing,
  keyed = thing
}

computed_keys = {
  [1.0] = "one!",
  [2.0] = "two!",
  ["string"] = "string",
  [2 + 2] = "minus one that's three quick maths",
  [L"Welcome to City 17"] = "You have chosen, or, been chosen...",
  [true] = false,

  __index = function(self, key)
    return rawget(self, key)
  end
}

crazy_nesting = {
  a = {
    b = {
      c = {
        d = {
          e = { 1, 2, 3, 4, 5, 6, 7, 8, 9, 10, 11, 12, 13, 14, 15, foo = bar, ["aaaaa!!!!"] = "aaaaa!!!!" }
        }
      }
    }
  },
  [{ please = "no" }] = { please = "yes" },
  [45.6] = { 45.6, 45.6, 45.6, 45.6 },
  [{ 1, 2, 3, 4, 5, 6, 7, 8, 9, 0, 1, 2, 3, 4, 5, 6, 7, 8, 9, 0, 1, 2, 3, 4, 5, 6, 7, 8, 9, 0 }] = { this_kills_the_crab }
}

local empty = {}

local one_thing = { thing }

local one_keyed_thing = { keyed = thing }

local more_than_one_thing = { thing, thing }

local more_than_one_keyed_thing = {
  keyed = thing,
  keyed = thing
}

local computed_keys = {
  [1.0] = "one!",
  [2.0] = "two!",
  ["string"] = "string",
  ["string with spaces"] = "string",
  [ [[oneword]] ] = 2,
  [ [[
    multi line string
  ]] ] = "aa",
  [2 + 2] = "minus one that's three quick maths",
  [L"Welcome to City 17"] = "You have chosen, or, been chosen...",
  [true] = false,

  __index = function(self, key)
    return rawget(self, key)
  end
}

local crazy_nesting = {
  a = {
    b = {
      c = {
        d = {
          e = { 1, 2, 3, 4, 5, 6, 7, 8, 9, 10, 11, 12, 13, 14, 15, foo = bar, ["aaaaa!!!!"] = "aaaaa!!!!" }
        }
      }
    }
  },
  [{ please = "no" }] = { please = "yes" },
  [45.6] = { 45.6, 45.6, 45.6, 45.6 },
  [{ 1, 2, 3, 4, 5, 6, 7, 8, 9, 0, 1, 2, 3, 4, 5, 6, 7, 8, 9, 0, 1, 2, 3, 4, 5, 6, 7, 8, 9, 0 }] = { this_kills_the_crab }
}
~~~~~~~~~~~~~~~~~~~~~~~~~~~~~~~~~~~~~~~~~~~~~~~~~~~~~~~~~~~~~~~~~~~~~~~~~~~~~~~~
empty = {}

one_thing = { thing }

one_keyed_thing = { keyed = thing }

more_than_one_thing = {
	thing,
	thing
}

more_than_one_keyed_thing = {
	keyed = thing,
	keyed = thing
}

computed_keys = {
	[1.0] = "one!",
	[2.0] = "two!",
	string = "string",
	[2 + 2] = "minus one that's three quick maths",
	[L"Welcome to City 17"] = "You have chosen, or, been chosen...",
	[true] = false,
	__index = function(self, key)
		return rawget(self, key)
	end
}

crazy_nesting = {
	a = { b = { c = { d = { e = {
						1,
						2,
						3,
						4,
						5,
						6,
						7,
						8,
						9,
						10,
						11,
						12,
						13,
						14,
						15,
						foo = bar,
						["aaaaa!!!!"] = "aaaaa!!!!"
					} } } } },
	[{ please = "no" }] = { please = "yes" },
	[45.6] = {
		45.6,
		45.6,
		45.6,
		45.6
	},
	[{
		1,
		2,
		3,
		4,
		5,
		6,
		7,
		8,
		9,
		0,
		1,
		2,
		3,
		4,
		5,
		6,
		7,
		8,
		9,
		0,
		1,
		2,
		3,
		4,
		5,
		6,
		7,
		8,
		9,
		0
	}] = { this_kills_the_crab }
}

local empty = {}

local one_thing = { thing }

local one_keyed_thing = { keyed = thing }

local more_than_one_thing = {
	thing,
	thing
}

local more_than_one_keyed_thing = {
	keyed = thing,
	keyed = thing
}

local computed_keys = {
	[1.0] = "one!",
	[2.0] = "two!",
	string = "string",
	["string with spaces"] = "string",
	oneword = 2,
	[ [[
    multi line string
  ]] ] = "aa",
	[2 + 2] = "minus one that's three quick maths",
	[L"Welcome to City 17"] = "You have chosen, or, been chosen...",
	[true] = false,
	__index = function(self, key)
		return rawget(self, key)
	end
}

local crazy_nesting = {
	a = { b = { c = { d = { e = {
						1,
						2,
						3,
						4,
						5,
						6,
						7,
						8,
						9,
						10,
						11,
						12,
						13,
						14,
						15,
						foo = bar,
						["aaaaa!!!!"] = "aaaaa!!!!"
					} } } } },
	[{ please = "no" }] = { please = "yes" },
	[45.6] = {
		45.6,
		45.6,
		45.6,
		45.6
	},
	[{
		1,
		2,
		3,
		4,
		5,
		6,
		7,
		8,
		9,
		0,
		1,
		2,
		3,
		4,
		5,
		6,
		7,
		8,
		9,
		0,
		1,
		2,
		3,
		4,
		5,
		6,
		7,
		8,
		9,
		0
	}] = { this_kills_the_crab }
}

`;

exports[`main.lua - lua-verify: main.lua 2`] = `
empty = {}

one_thing = { thing }

one_keyed_thing = { keyed = thing }

more_than_one_thing = { thing, thing }

more_than_one_keyed_thing = {
  keyed = thing,
  keyed = thing
}

computed_keys = {
  [1.0] = "one!",
  [2.0] = "two!",
  ["string"] = "string",
  [2 + 2] = "minus one that's three quick maths",
  [L"Welcome to City 17"] = "You have chosen, or, been chosen...",
  [true] = false,

  __index = function(self, key)
    return rawget(self, key)
  end
}

crazy_nesting = {
  a = {
    b = {
      c = {
        d = {
          e = { 1, 2, 3, 4, 5, 6, 7, 8, 9, 10, 11, 12, 13, 14, 15, foo = bar, ["aaaaa!!!!"] = "aaaaa!!!!" }
        }
      }
    }
  },
  [{ please = "no" }] = { please = "yes" },
  [45.6] = { 45.6, 45.6, 45.6, 45.6 },
  [{ 1, 2, 3, 4, 5, 6, 7, 8, 9, 0, 1, 2, 3, 4, 5, 6, 7, 8, 9, 0, 1, 2, 3, 4, 5, 6, 7, 8, 9, 0 }] = { this_kills_the_crab }
}

local empty = {}

local one_thing = { thing }

local one_keyed_thing = { keyed = thing }

local more_than_one_thing = { thing, thing }

local more_than_one_keyed_thing = {
  keyed = thing,
  keyed = thing
}

local computed_keys = {
  [1.0] = "one!",
  [2.0] = "two!",
  ["string"] = "string",
  ["string with spaces"] = "string",
  [ [[oneword]] ] = 2,
  [ [[
    multi line string
  ]] ] = "aa",
  [2 + 2] = "minus one that's three quick maths",
  [L"Welcome to City 17"] = "You have chosen, or, been chosen...",
  [true] = false,

  __index = function(self, key)
    return rawget(self, key)
  end
}

local crazy_nesting = {
  a = {
    b = {
      c = {
        d = {
          e = { 1, 2, 3, 4, 5, 6, 7, 8, 9, 10, 11, 12, 13, 14, 15, foo = bar, ["aaaaa!!!!"] = "aaaaa!!!!" }
        }
      }
    }
  },
  [{ please = "no" }] = { please = "yes" },
  [45.6] = { 45.6, 45.6, 45.6, 45.6 },
  [{ 1, 2, 3, 4, 5, 6, 7, 8, 9, 0, 1, 2, 3, 4, 5, 6, 7, 8, 9, 0, 1, 2, 3, 4, 5, 6, 7, 8, 9, 0 }] = { this_kills_the_crab }
}
~~~~~~~~~~~~~~~~~~~~~~~~~~~~~~~~~~~~~~~~~~~~~~~~~~~~~~~~~~~~~~~~~~~~~~~~~~~~~~~~
empty = {}

one_thing = { thing }

one_keyed_thing = { keyed = thing }

more_than_one_thing = {
	thing,
	thing,
}

more_than_one_keyed_thing = {
	keyed = thing,
	keyed = thing,
}

computed_keys = {
	[1.0] = 'one!',
	[2.0] = 'two!',
	string = 'string',
	[2 + 2] = "minus one that's three quick maths",
	[L'Welcome to City 17'] = 'You have chosen, or, been chosen...',
	[true] = false,
	__index = function(self, key)
		return rawget(self, key)
	end,
}

crazy_nesting = {
	a = { b = { c = { d = { e = {
						1,
						2,
						3,
						4,
						5,
						6,
						7,
						8,
						9,
						10,
						11,
						12,
						13,
						14,
						15,
						foo = bar,
						['aaaaa!!!!'] = 'aaaaa!!!!',
					} } } } },
	[{ please = 'no' }] = { please = 'yes' },
	[45.6] = {
		45.6,
		45.6,
		45.6,
		45.6,
	},
	[{
		1,
		2,
		3,
		4,
		5,
		6,
		7,
		8,
		9,
		0,
		1,
		2,
		3,
		4,
		5,
		6,
		7,
		8,
		9,
		0,
		1,
		2,
		3,
		4,
		5,
		6,
		7,
		8,
		9,
		0,
	}] = { this_kills_the_crab },
}

local empty = {}

local one_thing = { thing }

local one_keyed_thing = { keyed = thing }

local more_than_one_thing = {
	thing,
	thing,
}

local more_than_one_keyed_thing = {
	keyed = thing,
	keyed = thing,
}

local computed_keys = {
	[1.0] = 'one!',
	[2.0] = 'two!',
	string = 'string',
	['string with spaces'] = 'string',
	oneword = 2,
	[ [[
    multi line string
  ]] ] = 'aa',
	[2 + 2] = "minus one that's three quick maths",
	[L'Welcome to City 17'] = 'You have chosen, or, been chosen...',
	[true] = false,
	__index = function(self, key)
		return rawget(self, key)
	end,
}

local crazy_nesting = {
	a = { b = { c = { d = { e = {
						1,
						2,
						3,
						4,
						5,
						6,
						7,
						8,
						9,
						10,
						11,
						12,
						13,
						14,
						15,
						foo = bar,
						['aaaaa!!!!'] = 'aaaaa!!!!',
					} } } } },
	[{ please = 'no' }] = { please = 'yes' },
	[45.6] = {
		45.6,
		45.6,
		45.6,
		45.6,
	},
	[{
		1,
		2,
		3,
		4,
		5,
		6,
		7,
		8,
		9,
		0,
		1,
		2,
		3,
		4,
		5,
		6,
		7,
		8,
		9,
		0,
		1,
		2,
		3,
		4,
		5,
		6,
		7,
		8,
		9,
		0,
	}] = { this_kills_the_crab },
}

`;

exports[`main.lua - lua-verify: main.lua 3`] = `
empty = {}

one_thing = { thing }

one_keyed_thing = { keyed = thing }

more_than_one_thing = { thing, thing }

more_than_one_keyed_thing = {
  keyed = thing,
  keyed = thing
}

computed_keys = {
  [1.0] = "one!",
  [2.0] = "two!",
  ["string"] = "string",
  [2 + 2] = "minus one that's three quick maths",
  [L"Welcome to City 17"] = "You have chosen, or, been chosen...",
  [true] = false,

  __index = function(self, key)
    return rawget(self, key)
  end
}

crazy_nesting = {
  a = {
    b = {
      c = {
        d = {
          e = { 1, 2, 3, 4, 5, 6, 7, 8, 9, 10, 11, 12, 13, 14, 15, foo = bar, ["aaaaa!!!!"] = "aaaaa!!!!" }
        }
      }
    }
  },
  [{ please = "no" }] = { please = "yes" },
  [45.6] = { 45.6, 45.6, 45.6, 45.6 },
  [{ 1, 2, 3, 4, 5, 6, 7, 8, 9, 0, 1, 2, 3, 4, 5, 6, 7, 8, 9, 0, 1, 2, 3, 4, 5, 6, 7, 8, 9, 0 }] = { this_kills_the_crab }
}

local empty = {}

local one_thing = { thing }

local one_keyed_thing = { keyed = thing }

local more_than_one_thing = { thing, thing }

local more_than_one_keyed_thing = {
  keyed = thing,
  keyed = thing
}

local computed_keys = {
  [1.0] = "one!",
  [2.0] = "two!",
  ["string"] = "string",
  ["string with spaces"] = "string",
  [ [[oneword]] ] = 2,
  [ [[
    multi line string
  ]] ] = "aa",
  [2 + 2] = "minus one that's three quick maths",
  [L"Welcome to City 17"] = "You have chosen, or, been chosen...",
  [true] = false,

  __index = function(self, key)
    return rawget(self, key)
  end
}

local crazy_nesting = {
  a = {
    b = {
      c = {
        d = {
          e = { 1, 2, 3, 4, 5, 6, 7, 8, 9, 10, 11, 12, 13, 14, 15, foo = bar, ["aaaaa!!!!"] = "aaaaa!!!!" }
        }
      }
    }
  },
  [{ please = "no" }] = { please = "yes" },
  [45.6] = { 45.6, 45.6, 45.6, 45.6 },
  [{ 1, 2, 3, 4, 5, 6, 7, 8, 9, 0, 1, 2, 3, 4, 5, 6, 7, 8, 9, 0, 1, 2, 3, 4, 5, 6, 7, 8, 9, 0 }] = { this_kills_the_crab }
}
~~~~~~~~~~~~~~~~~~~~~~~~~~~~~~~~~~~~~~~~~~~~~~~~~~~~~~~~~~~~~~~~~~~~~~~~~~~~~~~~
empty = {}

one_thing = {thing}

one_keyed_thing = {keyed = thing}

more_than_one_thing = {
	thing,
	thing
}

more_than_one_keyed_thing = {
	keyed = thing,
	keyed = thing
}

computed_keys = {
	[1.0] = "one!",
	[2.0] = "two!",
	string = "string",
	[2 + 2] = "minus one that's three quick maths",
	[L"Welcome to City 17"] = "You have chosen, or, been chosen...",
	[true] = false,
	__index = function(self, key)
		return rawget(self, key)
	end
}

crazy_nesting = {
	a = {b = {c = {d = {e = {
						1,
						2,
						3,
						4,
						5,
						6,
						7,
						8,
						9,
						10,
						11,
						12,
						13,
						14,
						15,
						foo = bar,
						["aaaaa!!!!"] = "aaaaa!!!!"
					}}}}},
	[{please = "no"}] = {please = "yes"},
	[45.6] = {
		45.6,
		45.6,
		45.6,
		45.6
	},
	[{
		1,
		2,
		3,
		4,
		5,
		6,
		7,
		8,
		9,
		0,
		1,
		2,
		3,
		4,
		5,
		6,
		7,
		8,
		9,
		0,
		1,
		2,
		3,
		4,
		5,
		6,
		7,
		8,
		9,
		0
	}] = {this_kills_the_crab}
}

local empty = {}

local one_thing = {thing}

local one_keyed_thing = {keyed = thing}

local more_than_one_thing = {
	thing,
	thing
}

local more_than_one_keyed_thing = {
	keyed = thing,
	keyed = thing
}

local computed_keys = {
	[1.0] = "one!",
	[2.0] = "two!",
	string = "string",
	["string with spaces"] = "string",
	oneword = 2,
	[ [[
    multi line string
  ]] ] = "aa",
	[2 + 2] = "minus one that's three quick maths",
	[L"Welcome to City 17"] = "You have chosen, or, been chosen...",
	[true] = false,
	__index = function(self, key)
		return rawget(self, key)
	end
}

local crazy_nesting = {
	a = {b = {c = {d = {e = {
						1,
						2,
						3,
						4,
						5,
						6,
						7,
						8,
						9,
						10,
						11,
						12,
						13,
						14,
						15,
						foo = bar,
						["aaaaa!!!!"] = "aaaaa!!!!"
					}}}}},
	[{please = "no"}] = {please = "yes"},
	[45.6] = {
		45.6,
		45.6,
		45.6,
		45.6
	},
	[{
		1,
		2,
		3,
		4,
		5,
		6,
		7,
		8,
		9,
		0,
		1,
		2,
		3,
		4,
		5,
		6,
		7,
		8,
		9,
		0,
		1,
		2,
		3,
		4,
		5,
		6,
		7,
		8,
		9,
		0
	}] = {this_kills_the_crab}
}

`;
