// Jest Snapshot v1, https://goo.gl/fbAQLP

exports[`main.lua - lua-verify: main.lua 1`] = `
local one = 1

local one, two = 1, 2

local one, two, three, four, five, size, seven, eight, nine, ten, eleven, twelve, thirteen = 6

local numbers = one, two, three, four, five, size, seven, eight, nine, ten, eleven, twelve, thirteen

local one, two, three, four, five, size, seven, eight, nine, ten, eleven, twelve, thirteen = one, two, three, four, five, size, seven, eight, nine, ten, eleven, twelve, thirteen
~~~~~~~~~~~~~~~~~~~~~~~~~~~~~~~~~~~~~~~~~~~~~~~~~~~~~~~~~~~~~~~~~~~~~~~~~~~~~~~~
local one = 1

local one, two = 1, 2

local one,
	two,
	three,
	four,
	five,
	size,
	seven,
	eight,
	nine,
	ten,
	eleven,
	twelve,
	thirteen
= 6

local numbers =
	one,
	two,
	three,
	four,
	five,
	size,
	seven,
	eight,
	nine,
	ten,
	eleven,
	twelve,
	thirteen

local one,
	two,
	three,
	four,
	five,
	size,
	seven,
	eight,
	nine,
	ten,
	eleven,
	twelve,
	thirteen
=
	one,
	two,
	three,
	four,
	five,
	size,
	seven,
	eight,
	nine,
	ten,
	eleven,
	twelve,
	thirteen

`;

exports[`main.lua - lua-verify: main.lua 2`] = `
local one = 1

local one, two = 1, 2

local one, two, three, four, five, size, seven, eight, nine, ten, eleven, twelve, thirteen = 6

local numbers = one, two, three, four, five, size, seven, eight, nine, ten, eleven, twelve, thirteen

local one, two, three, four, five, size, seven, eight, nine, ten, eleven, twelve, thirteen = one, two, three, four, five, size, seven, eight, nine, ten, eleven, twelve, thirteen
~~~~~~~~~~~~~~~~~~~~~~~~~~~~~~~~~~~~~~~~~~~~~~~~~~~~~~~~~~~~~~~~~~~~~~~~~~~~~~~~
local one = 1

local one, two = 1, 2

local one,
	two,
	three,
	four,
	five,
	size,
	seven,
	eight,
	nine,
	ten,
	eleven,
	twelve,
	thirteen
= 6

local numbers =
	one,
	two,
	three,
	four,
	five,
	size,
	seven,
	eight,
	nine,
	ten,
	eleven,
	twelve,
	thirteen

local one,
	two,
	three,
	four,
	five,
	size,
	seven,
	eight,
	nine,
	ten,
	eleven,
	twelve,
	thirteen
=
	one,
	two,
	three,
	four,
	five,
	size,
	seven,
	eight,
	nine,
	ten,
	eleven,
	twelve,
	thirteen

`;
