// Jest Snapshot v1, https://goo.gl/fbAQLP

exports[`main.lua - lua-verify: main.lua 1`] = `
function empty()
end

function empty(one, two, three)
end

local function local_function()
end

(function()
end)();

(function(lots, und, lotta_lots, of, params, are, going, here, yup, thats, right, you, know, it)
end)()

function empty(lots, und, lotta_lots, of, params, are, going, here, yup, thats, right)
end

function META:doIt()
end

function META:doIt(lots, und, lotta_lots, of, params, are, going, here, yup, thats, right)
end

function response.parse()
end

function response.parse(lots, und, lotta_lots, of, params, are, going, here, yup, thats, right)
end

function empty()
  print("hi!")
end

function empty(one, two, three)
  print("hi!")
end

local function local_function()
  print("hi!")
end

(function()
  print("hi!")
end)();

(function(lots, und, lotta_lots, of, params, are, going, here, yup, thats, right, you, know, it)
  print("hi!")
end)()

function empty(lots, und, lotta_lots, of, params, are, going, here, yup, thats, right)
  print("hi!")
end

function META:doIt()
  print("hi!")
end

function META:doIt(lots, und, lotta_lots, of, params, are, going, here, yup, thats, right)
  print("hi!")
end

function response.parse()
  print("hi!")
end

function response.parse(lots, und, lotta_lots, of, params, are, going, here, yup, thats, right)
  print("hi!")
end

function empty()





  print("hi!")




  print("hi!")



end

function empty(one, two, three)





  print("hi!")




  print("hi!")



end

local function local_function()





  print("hi!")




  print("hi!")



end

(function()





  print("hi!")




  print("hi!")



end)();

(function(lots, und, lotta_lots, of, params, are, going, here, yup, thats, right, you, know, it)





  print("hi!")




  print("hi!")



end)()

function empty(lots, und, lotta_lots, of, params, are, going, here, yup, thats, right)





  print("hi!")




  print("hi!")



end

function META:doIt()





  print("hi!")




  print("hi!")



end

function META:doIt(lots, und, lotta_lots, of, params, are, going, here, yup, thats, right)





  print("hi!")




  print("hi!")



end

function response.parse()





  print("hi!")




  print("hi!")



end

function response.parse(lots, und, lotta_lots, of, params, are, going, here, yup, thats, right)





  print("hi!")




  print("hi!")



end
~~~~~~~~~~~~~~~~~~~~~~~~~~~~~~~~~~~~~~~~~~~~~~~~~~~~~~~~~~~~~~~~~~~~~~~~~~~~~~~~
function empty()
end

function empty(one, two, three)
end

local function local_function()
end

(function() end)();

(function(
lots,
	und,
	lotta_lots,
	of,
	params,
	are,
	going,
	here,
	yup,
	thats,
	right,
	you,
	know,
	it
) end)()

function empty(
lots,
	und,
	lotta_lots,
	of,
	params,
	are,
	going,
	here,
	yup,
	thats,
	right
)
end

function META:doIt()
end

function META:doIt(
lots,
	und,
	lotta_lots,
	of,
	params,
	are,
	going,
	here,
	yup,
	thats,
	right
)
end

function response.parse()
end

function response.parse(
lots,
	und,
	lotta_lots,
	of,
	params,
	are,
	going,
	here,
	yup,
	thats,
	right
)
end

function empty()
	print("hi!")
end

function empty(one, two, three)
	print("hi!")
end

local function local_function()
	print("hi!")
end

(function()
	print("hi!")
end)();

(function(
lots,
	und,
	lotta_lots,
	of,
	params,
	are,
	going,
	here,
	yup,
	thats,
	right,
	you,
	know,
	it
)
	print("hi!")
end)()

function empty(
lots,
	und,
	lotta_lots,
	of,
	params,
	are,
	going,
	here,
	yup,
	thats,
	right
)
	print("hi!")
end

function META:doIt()
	print("hi!")
end

function META:doIt(
lots,
	und,
	lotta_lots,
	of,
	params,
	are,
	going,
	here,
	yup,
	thats,
	right
)
	print("hi!")
end

function response.parse()
	print("hi!")
end

function response.parse(
lots,
	und,
	lotta_lots,
	of,
	params,
	are,
	going,
	here,
	yup,
	thats,
	right
)
	print("hi!")
end

function empty()
	print("hi!")

	print("hi!")
end

function empty(one, two, three)
	print("hi!")

	print("hi!")
end

local function local_function()
	print("hi!")

	print("hi!")
end

(function()
	print("hi!")

	print("hi!")
end)();

(function(
lots,
	und,
	lotta_lots,
	of,
	params,
	are,
	going,
	here,
	yup,
	thats,
	right,
	you,
	know,
	it
)
	print("hi!")

	print("hi!")
end)()

function empty(
lots,
	und,
	lotta_lots,
	of,
	params,
	are,
	going,
	here,
	yup,
	thats,
	right
)
	print("hi!")

	print("hi!")
end

function META:doIt()
	print("hi!")

	print("hi!")
end

function META:doIt(
lots,
	und,
	lotta_lots,
	of,
	params,
	are,
	going,
	here,
	yup,
	thats,
	right
)
	print("hi!")

	print("hi!")
end

function response.parse()
	print("hi!")

	print("hi!")
end

function response.parse(
lots,
	und,
	lotta_lots,
	of,
	params,
	are,
	going,
	here,
	yup,
	thats,
	right
)
	print("hi!")

	print("hi!")
end

`;

exports[`main.lua - lua-verify: main.lua 2`] = `
function empty()
end

function empty(one, two, three)
end

local function local_function()
end

(function()
end)();

(function(lots, und, lotta_lots, of, params, are, going, here, yup, thats, right, you, know, it)
end)()

function empty(lots, und, lotta_lots, of, params, are, going, here, yup, thats, right)
end

function META:doIt()
end

function META:doIt(lots, und, lotta_lots, of, params, are, going, here, yup, thats, right)
end

function response.parse()
end

function response.parse(lots, und, lotta_lots, of, params, are, going, here, yup, thats, right)
end

function empty()
  print("hi!")
end

function empty(one, two, three)
  print("hi!")
end

local function local_function()
  print("hi!")
end

(function()
  print("hi!")
end)();

(function(lots, und, lotta_lots, of, params, are, going, here, yup, thats, right, you, know, it)
  print("hi!")
end)()

function empty(lots, und, lotta_lots, of, params, are, going, here, yup, thats, right)
  print("hi!")
end

function META:doIt()
  print("hi!")
end

function META:doIt(lots, und, lotta_lots, of, params, are, going, here, yup, thats, right)
  print("hi!")
end

function response.parse()
  print("hi!")
end

function response.parse(lots, und, lotta_lots, of, params, are, going, here, yup, thats, right)
  print("hi!")
end

function empty()





  print("hi!")




  print("hi!")



end

function empty(one, two, three)





  print("hi!")




  print("hi!")



end

local function local_function()





  print("hi!")




  print("hi!")



end

(function()





  print("hi!")




  print("hi!")



end)();

(function(lots, und, lotta_lots, of, params, are, going, here, yup, thats, right, you, know, it)





  print("hi!")




  print("hi!")



end)()

function empty(lots, und, lotta_lots, of, params, are, going, here, yup, thats, right)





  print("hi!")




  print("hi!")



end

function META:doIt()





  print("hi!")




  print("hi!")



end

function META:doIt(lots, und, lotta_lots, of, params, are, going, here, yup, thats, right)





  print("hi!")




  print("hi!")



end

function response.parse()





  print("hi!")




  print("hi!")



end

function response.parse(lots, und, lotta_lots, of, params, are, going, here, yup, thats, right)





  print("hi!")




  print("hi!")



end
~~~~~~~~~~~~~~~~~~~~~~~~~~~~~~~~~~~~~~~~~~~~~~~~~~~~~~~~~~~~~~~~~~~~~~~~~~~~~~~~
function empty()
end

function empty(one, two, three)
end

local function local_function()
end

(function() end)();

(function(
lots,
	und,
	lotta_lots,
	of,
	params,
	are,
	going,
	here,
	yup,
	thats,
	right,
	you,
	know,
	it
) end)()

function empty(
lots,
	und,
	lotta_lots,
	of,
	params,
	are,
	going,
	here,
	yup,
	thats,
	right
)
end

function META:doIt()
end

function META:doIt(
lots,
	und,
	lotta_lots,
	of,
	params,
	are,
	going,
	here,
	yup,
	thats,
	right
)
end

function response.parse()
end

function response.parse(
lots,
	und,
	lotta_lots,
	of,
	params,
	are,
	going,
	here,
	yup,
	thats,
	right
)
end

function empty()
	print('hi!')
end

function empty(one, two, three)
	print('hi!')
end

local function local_function()
	print('hi!')
end

(function()
	print('hi!')
end)();

(function(
lots,
	und,
	lotta_lots,
	of,
	params,
	are,
	going,
	here,
	yup,
	thats,
	right,
	you,
	know,
	it
)
	print('hi!')
end)()

function empty(
lots,
	und,
	lotta_lots,
	of,
	params,
	are,
	going,
	here,
	yup,
	thats,
	right
)
	print('hi!')
end

function META:doIt()
	print('hi!')
end

function META:doIt(
lots,
	und,
	lotta_lots,
	of,
	params,
	are,
	going,
	here,
	yup,
	thats,
	right
)
	print('hi!')
end

function response.parse()
	print('hi!')
end

function response.parse(
lots,
	und,
	lotta_lots,
	of,
	params,
	are,
	going,
	here,
	yup,
	thats,
	right
)
	print('hi!')
end

function empty()
	print('hi!')

	print('hi!')
end

function empty(one, two, three)
	print('hi!')

	print('hi!')
end

local function local_function()
	print('hi!')

	print('hi!')
end

(function()
	print('hi!')

	print('hi!')
end)();

(function(
lots,
	und,
	lotta_lots,
	of,
	params,
	are,
	going,
	here,
	yup,
	thats,
	right,
	you,
	know,
	it
)
	print('hi!')

	print('hi!')
end)()

function empty(
lots,
	und,
	lotta_lots,
	of,
	params,
	are,
	going,
	here,
	yup,
	thats,
	right
)
	print('hi!')

	print('hi!')
end

function META:doIt()
	print('hi!')

	print('hi!')
end

function META:doIt(
lots,
	und,
	lotta_lots,
	of,
	params,
	are,
	going,
	here,
	yup,
	thats,
	right
)
	print('hi!')

	print('hi!')
end

function response.parse()
	print('hi!')

	print('hi!')
end

function response.parse(
lots,
	und,
	lotta_lots,
	of,
	params,
	are,
	going,
	here,
	yup,
	thats,
	right
)
	print('hi!')

	print('hi!')
end

`;
